// Jest Snapshot v1, https://goo.gl/fbAQLP

exports[`Testing Pacman Component should render correctly 1`] = `
<Dashboard>
  <div
    className="container-dashboard"
  >
    <div
      className="header-container"
    >
      <div
        className="header"
      >
        <h1>
          PacmanOnlineChallenge
        </h1>
        <img
          alt="Logo"
          src="logo.png"
        />
      </div>
    </div>
    <div
      className="stats-container"
    >
      <div
        className="cashier"
      >
        <ImageLevel>
          <div>
            <img
              alt="Level"
              className="imgLevel"
            />
          </div>
        </ImageLevel>
        <h1>
          Stats
        </h1>
        <Stats>
          <p>
            Level: 
          </p>
          <ProgressBar>
            <div
              className="progress-bar"
            >
              <div
                className="filler"
                style={
                  Object {
                    "width": "NaN%",
                  }
                }
              />
            </div>
          </ProgressBar>
          <p>
            Score: 
          </p>
          <p>
            Rank: 
          </p>
        </Stats>
      </div>
    </div>
    <div
      className="challenges-container"
    >
      <div
        className="cashier"
      >
        <h1>
          Challenges
        </h1>
        <Challenges
          nameCha1=""
          nameCha2=""
          nameCha3=""
        >
          <h3>
            <img
              alt="It a match"
              className="logo"
              src="logo.png"
            />
          </h3>
          <h3>
            <b>
               Reward:
            </b>
          </h3>
          <hr />
          <h3>
            <img
              alt="It a match"
              className="logo"
              src="logo.png"
            />
          </h3>
          <h3>
            <b>
               Reward:
            </b>
          </h3>
          <hr />
          <h3>
            <img
              alt="It a match"
              className="logo"
              src="logo.png"
            />
          </h3>
          <h3>
            <b>
               Reward:
            </b>
          </h3>
        </Challenges>
      </div>
    </div>
    <div
      className="footer-container"
    >
      <div
        className="social"
      >
        <a
          href="https://github.com/RAJ66"
        >
          <img
            alt="Facebook"
            src="https://img.icons8.com/ios-filled/50/000000/facebook-new.png"
          />
        </a>
        <a
          href="https://github.com/RAJ66"
        >
          <img
            alt="Instagram"
            src="https://img.icons8.com/material/50/000000/instagram-new--v1.png"
          />
        </a>
        <a
          href="https://github.com/RAJ66"
        >
          <img
            alt="Twitter"
            src="https://img.icons8.com/ios-filled/50/000000/twitter-circled.png"
          />
        </a>
        <button
          className="link-button "
          onClick={[Function]}
        >
          <img
            alt="Exit"
            src="https://img.icons8.com/ios-filled/50/000000/exit.png"
          />
        </button>
      </div>
    </div>
  </div>
</Dashboard>
`;
